[innoculusteam.wordpress.com/index.html]
[backblue.gif]
[fade.gif]
[index.html]
[s1.wp.com/wp-content/mu-plugins/highlander-comments/style0196.css]
[innoculusteam.wordpress.com/feed/index.html]
[innoculusteam.wordpress.com/xmlrpc0db0.php]
[innoculusteam.wordpress.com/comments/feed/index.html]
[innoculusteam.wordpress.com/osd.xml]
[innoculusteam.files.wordpress.com/2017/02/cropped-innoculus-icon76ca.png]
[innoculusteam.files.wordpress.com/2017/02/cropped-innoculus-icon9939.png]
[innoculusteam.files.wordpress.com/2017/02/cropped-innoculus-iconad83.png]
[innoculusteam.files.wordpress.com/2017/02/innoculus-logo-2ed6a.png]
[defaultcustomheadersdata.files.wordpress.com/2016/07/city17d9f.jpg]
[innoculusteam.wordpress.com/home/index.html]
[innoculusteam.wordpress.com/blog/index.html]
[innoculusteam.wordpress.com/our-second-week/index.html]
[innoculusteam.files.wordpress.com/2017/02/grid1a133.jpg]
[innoculusteam.wordpress.com/our-third-week/index.html]
[innoculusteam.wordpress.com/ai/index.html]
[innoculusteam.wordpress.com/iotioe/index.html]
[innoculusteam.wordpress.com/chatbots/index.html]
[innoculusteam.wordpress.com/big-data/index.html]
[innoculusteam.wordpress.com/2017/02/11/big-data-for-a-small-world/index.html]
[innoculusteam.files.wordpress.com/2017/02/alternate-sidebar1a133.jpg]
[innoculusteam.wordpress.com/our-idea-global-research-integration/index.html]
[0.gravatar.com/js/gprofilesd732.js]
[innoculusteam.wordpress.com/the-problem/index.html]
[innoculusteam.wordpress.com/our-solution/index.html]
[innoculusteam.wordpress.com/case-study/index.html]
[s1.wp.com/wp-content/mu-plugins/gravatar-hovercards/wpgrohoc3b6.js]
[innoculusteam.wordpress.com/towards-2025/index.html]
[innoculusteam.wordpress.com/our-team/index.html]
[innoculusteam.wordpress.com/rachel/index.html]
[innoculusteam.wordpress.com/wp-content/plugins/ie-sitemode/custom-jumplist.php]
[innoculusteam.wordpress.com/gerald/index.html]
[innoculusteam.wordpress.com/lara/index.html]
[innoculusteam.wordpress.com/wes/index.html]
[stats.wp.com/w9f61.js]
[s.skimresources.com/js/725X1342.skimlinks.js]
[innoculusteam.wordpress.com/2017/02/11/firstpost/index.html]
[s2.wp.com/_static/index1575.html]
[pixel.wp.com/b0b80.gif]
[innoculusteam.wordpress.com/index.html]
[innoculusteam.wordpress.com/xmlrpc.php]
[s1.wp.com/wp-content/mu-plugins/post-flair/sharing/images/icon-wordpress.png]
[s1.wp.com/wp-content/mu-plugins/post-flair/sharing/images/icon-twitter.png]
[s1.wp.com/wp-content/mu-plugins/post-flair/sharing/images/icon-facebook.png]
[s1.wp.com/wp-content/mu-plugins/post-flair/sharing/images/googleplus1.png]
[s1.wp.com/wp-content/mu-plugins/post-flair/sharing/images/icon-wordpress-2x.png]
[s1.wp.com/wp-content/mu-plugins/post-flair/sharing/images/icon-twitter-2x.png]
[s1.wp.com/wp-content/mu-plugins/post-flair/sharing/images/icon-facebook-2x.png]
[s1.wp.com/wp-content/mu-plugins/post-flair/sharing/images/googleplus1@2x.png]
[s1.wp.com/wp-content/mu-plugins/highlander-comments/images/postto-buttons.png]
[s1.wp.com/wp-content/mu-plugins/highlander-comments/images/button-back.gif]
[s1.wp.com/wp-content/mu-plugins/highlander-comments/images/button-back-over.gif]
[s1.wp.com/wp-content/mu-plugins/highlander-comments/images/loader.gif]
[s1.wp.com/wp-content/mu-plugins/highlander-comments/style0196.css]
[innoculusteam.files.wordpress.com/2017/02/homepage117780.jpg]
[innoculusteam.files.wordpress.com/2017/02/homepage1155fe.jpg]
[innoculusteam.wordpress.com/home/index.html]
[innoculusteam.wordpress.com/blog/index.html]
[innoculusteam.wordpress.com/our-second-week/index.html]
[innoculusteam.wordpress.com/our-third-week/index.html]
[innoculusteam.wordpress.com/ai/index.html]
[innoculusteam.wordpress.com/chatbots/index.html]
[innoculusteam.wordpress.com/iotioe/index.html]
[innoculusteam.wordpress.com/big-data/index.html]
[innoculusteam.wordpress.com/2017/02/11/big-data-for-a-small-world/feed/index.html]
[innoculusteam.files.wordpress.com/2017/02/grid184bf.jpg]
[innoculusteam.wordpress.com/2017/02/11/big-data-for-a-small-world/index.html]
[innoculusteam.wordpress.com/our-idea-global-research-integration/index.html]
[innoculusteam.wordpress.com/the-problem/index.html]
[innoculusteam.wordpress.com/our-solution/index.html]
[innoculusteam.wordpress.com/case-study/index.html]
[innoculusteam.wordpress.com/towards-2025/index.html]
[s1.wp.com/wp-content/mu-plugins/akismet-3.0/_inc/formcd10.js]
[innoculusteam.wordpress.com/author/gwebby19/index.html]
[innoculusteam.files.wordpress.com/2017/02/20170210_124939_hdrf29d.jpg]
[innoculusteam.wordpress.com/our-team/index.html]
[innoculusteam.wordpress.com/rachel/index.html]
[innoculusteam.wordpress.com/gerald/index.html]
[innoculusteam.wordpress.com/lara/index.html]
[innoculusteam.wordpress.com/wes/index.html]
[s1.wp.com/wp-content/mu-plugins/carousel/jetpack-carouselaccd.css]
[innoculusteam.wordpress.com/2017/02/11/firstpost/feed/index.html]
[innoculusteam.files.wordpress.com/2017/02/alternate-sidebar17780.jpg]
[innoculusteam.files.wordpress.com/2017/02/alternate-sidebar155fe.jpg]
[innoculusteam.wordpress.com/2017/02/11/firstpost/index.html]
[innoculusteam.files.wordpress.com/2017/02/homepage11e2a9.jpg]
[pixel.wp.com/g9818.gif]
[0.gravatar.com/js/gprofilesd732.js]
[s1.wp.com/wp-content/mu-plugins/gravatar-hovercards/wpgrohoc3b6.js]
[innoculusteam.wordpress.com/tag/introduction/index.html]
[innoculusteam.wordpress.com/author/vancratt/index.html]
[innoculusteam.wordpress.com/ABCDEFGHIJKLMNOPQRSTUVWXYZabcdefghijklmnopqrstuvwxyz0123456789+/index.html]
[s2.wp.com/_static/index1575.html]
[stats.wp.com/w9f61.js]
[pixel.wp.com/t.gif]
[innoculusteam.wordpress.com/author/gwebby19/index.html]
[s1.wp.com/wp-content/mu-plugins/akismet-3.0/_inc/formcd10.js]
[s1.wp.com/wp-content/mu-plugins/carousel/images/arrows.png]
[innoculusteam.wordpress.com/author/gwebby19/feed/index.html]
[s1.wp.com/wp-content/mu-plugins/carousel/images/arrows-2x.png]
[s1.wp.com/wp-content/mu-plugins/carousel/images/carousel-spritee4da.png]
[s1.wp.com/wp-content/mu-plugins/carousel/images/carousel-sprite-2xe4da.png]
[s1.wp.com/wp-content/mu-plugins/carousel/jetpack-carouselaccd.css]
[innoculusteam.wordpress.com/author/vancratt/index.html]
[innoculusteam.wordpress.com/tag/introduction/index.html]
[innoculusteam.wordpress.com/ABCDEFGHIJKLMNOPQRSTUVWXYZabcdefghijklmnopqrstuvwxyz0123456789+/index.html]
[innoculusteam.wordpress.com/g.html]
[innoculusteam.wordpress.com/c.html]
[innoculusteam.wordpress.com/author/vancratt/feed/index.html]
[innoculusteam.wordpress.com/tag/introduction/feed/index.html]
